vlib/v/checker/tests/minus_op_wrong_right_type_err_a.v:3:10: error: mismatched types `int` and `A`
    1| struct A{}
    2| fn main() {
    3|     10 - A{}
                ~~~
    4| }
