vlib/v/checker/tests/rshift_op_wrong_left_type_err.v:2:10: error: cannot shift type any_int into non-integer type any_float
    1 | fn main() {
    2 |     println(0.5 >> 1)
      |             ~~~
    3 | }
