vlib/v/checker/tests/inout/short_struct_too_many.v:6:7: error: too many fields
    4|
    5| fn main() {
    6|     t := Test{true, false}
                ~~~~~~~~~~~~~~~~~
    7| }