Foo
================ V panic ================
   module: __as_cast
 function: __as_cast()
  message: as cast: cannot cast
