A {
    test: false
    b: B {
        pass: false
        name: ''
    }
}
B {
    pass: false
    name: ''
}